\BOOKMARK [0][-]{Doc-Start}{\376\377\000C\000u\000p\000r\000i\000n\000s}{}% 1
\BOOKMARK [0][-]{Doc-Start}{\376\377\000L\000i\000s\000t\000a\000\040\000F\000i\000g\000u\000r\000i\000l\000o\000r}{}% 2
\BOOKMARK [0][-]{Doc-Start}{\376\377\000R\000e\000z\000u\000m\000a\000t}{}% 3
\BOOKMARK [0][-]{Doc-Start}{\376\377\000R\000e\000z\000u\000m\000a\000t}{}% 4
\BOOKMARK [0][-]{Doc-Start}{\376\377\000A\000b\000s\000t\000r\000a\000c\000t}{}% 5
\BOOKMARK [0][-]{Doc-Start}{\376\377\000A\000b\000s\000t\000r\000a\000c\000t}{}% 6
\BOOKMARK [0][-]{chapter.1}{\376\377\000M\000o\000t\000i\000v\000a\001\143\000i\000e}{}% 7
\BOOKMARK [1][-]{section.1.1}{\376\377\000C\000o\000n\000t\000e\000x\000t\000u\000l\000\040\001\137\000i\000\040\000p\000r\000o\000b\000l\000e\000m\000a}{chapter.1}% 8
\BOOKMARK [1][-]{section.1.2}{\376\377\000O\000b\000i\000e\000c\000t\000i\000v\000e\000l\000e\000\040\000l\000u\000c\000r\001\003\000r\000i\000i}{chapter.1}% 9
\BOOKMARK [1][-]{section.1.3}{\376\377\000S\000t\000r\000u\000c\000t\000u\000r\000a\000\040\000d\000o\000c\000u\000m\000e\000n\000t\000u\000l\000u\000i}{chapter.1}% 10
\BOOKMARK [1][-]{section.1.4}{\376\377\000T\000i\000p\000u\000r\000i\000\040\000d\000e\000\040\000e\000v\000e\000n\000i\000m\000e\000n\000t\000e\000\040\000v\000i\000z\000a\000t\000e}{chapter.1}% 11
\BOOKMARK [2][-]{subsection.1.4.1}{\376\377\000C\000o\000n\000f\000e\000r\000i\000n\001\143\000e\000,\000\040\000m\000e\000e\000t\000i\000n\000g\000-\000u\000r\000i\000\040\001\137\000i\000\040\000e\000v\000e\000n\000i\000m\000e\000n\000t\000e\000\040\000p\000r\000o\000f\000e\000s\000i\000o\000n\000a\000l\000e}{section.1.4}% 12
\BOOKMARK [2][-]{subsection.1.4.2}{\376\377\000C\000o\000n\000c\000e\000r\000t\000e\000\040\001\137\000i\000\040\000e\000v\000e\000n\000i\000m\000e\000n\000t\000e\000\040\000c\000u\000l\000t\000u\000r\000a\000l\000e}{section.1.4}% 13
\BOOKMARK [2][-]{subsection.1.4.3}{\376\377\000E\000v\000e\000n\000i\000m\000e\000n\000t\000e\000\040\000s\000p\000o\000r\000t\000i\000v\000e\000\040\001\137\000i\000\040\000u\000t\000i\000l\000i\000z\000a\000r\000e\000\040\000c\000o\000m\000p\000l\000e\000m\000e\000n\000t\000a\000r\001\003}{section.1.4}% 14
\BOOKMARK [2][-]{subsection.1.4.4}{\376\377\000\040\000B\000e\000n\000e\000f\000i\000c\000i\000i\000\040\000t\000r\000a\000n\000s\000v\000e\000r\000s\000a\000l\000e}{section.1.4}% 15
\BOOKMARK [0][-]{chapter.2}{\376\377\000S\000t\000a\000r\000e\000a\000\040\000a\000c\000t\000u\000a\000l\001\003\000\040\000a\000\040\000d\000o\000m\000e\000n\000i\000u\000l\000u\000i}{}% 16
\BOOKMARK [1][-]{section.2.1}{\376\377\000S\000t\000u\000d\000i\000i\000\040\001\137\000i\000\040\000a\000r\000t\000i\000c\000o\000l\000e\000\040\001\137\000t\000i\000i\000n\001\143\000i\000f\000i\000c\000e}{chapter.2}% 17
\BOOKMARK [2][-]{subsection.2.1.1}{\376\377\000A\000r\000h\000i\000t\000e\000c\000t\000u\000r\000i\000\040\000w\000e\000b\000\040\001\137\000i\000\040\000A\000P\000I\000-\000u\000r\000i\000\040\000R\000E\000S\000T}{section.2.1}% 18
\BOOKMARK [2][-]{subsection.2.1.2}{\376\377\000S\000e\000c\000u\000r\000i\000t\000a\000t\000e\000a\000\040\000a\000u\000t\000e\000n\000t\000i\000f\000i\000c\001\003\000r\000i\000i}{section.2.1}% 19
\BOOKMARK [2][-]{subsection.2.1.3}{\376\377\000P\000l\001\003\001\143\000i\000\040\000o\000n\000l\000i\000n\000e\000\040\001\137\000i\000\040\000g\000a\000t\000e\000w\000a\000y\000-\000u\000r\000i}{section.2.1}% 20
\BOOKMARK [2][-]{subsection.2.1.4}{\376\377\000P\000e\000r\000s\000i\000s\000t\000e\000n\001\143\001\003\000\040\001\137\000i\000\040\000b\000a\000z\000e\000\040\000d\000e\000\040\000d\000a\000t\000e\000\040\000r\000e\000l\000a\001\143\000i\000o\000n\000a\000l\000e}{section.2.1}% 21
\BOOKMARK [2][-]{subsection.2.1.5}{\376\377\000I\000n\000t\000e\000r\000f\000a\001\143\001\003\000\040\000u\000t\000i\000l\000i\000z\000a\000t\000o\000r\000\040\001\137\000i\000\040\000S\000P\000A}{section.2.1}% 22
\BOOKMARK [1][-]{section.2.2}{\376\377\000A\000p\000l\000i\000c\000a\001\143\000i\000i\000\040\000d\000e\000d\000i\000c\000a\000t\000e\000\040\000d\000o\000m\000e\000n\000i\000u\000l\000u\000i}{chapter.2}% 23
\BOOKMARK [2][-]{subsection.2.2.1}{\376\377\000E\000v\000e\000n\000t\000b\000r\000i\000t\000e}{section.2.2}% 24
\BOOKMARK [2][-]{subsection.2.2.2}{\376\377\000P\000l\000a\000t\000f\000o\000r\000m\000e\000\040\000l\000o\000c\000a\000l\000e\000\040\001\137\000i\000\040\000g\000e\000n\000e\000r\000i\000c\000e}{section.2.2}% 25
\BOOKMARK [2][-]{subsection.2.2.3}{\376\377\000T\000e\000n\000d\000i\000n\001\143\000e\000\040\001\137\000i\000\040\000s\000t\000a\000n\000d\000a\000r\000d\000e\000\040\000\356\000n\000\040\000i\000n\000d\000u\000s\000t\000r\000i\000a\000\040\000t\000i\000c\000k\000e\000t\000i\000n\000g\000-\000u\000l\000u\000i}{section.2.2}% 26
\BOOKMARK [2][-]{subsection.2.2.4}{\376\377\000C\000o\000n\000f\000o\000r\000m\000i\000t\000a\000t\000e\000\040\000P\000C\000I\000-\000D\000S\000S\000\040\001\137\000i\000\040\000d\000e\000l\000e\000g\000a\000r\000e\000a\000\040\000p\000l\001\003\001\143\000i\000l\000o\000r}{section.2.2}% 27
\BOOKMARK [2][-]{subsection.2.2.5}{\376\377\000A\000r\000h\000i\000t\000e\000c\000t\000u\000r\000a\000\040\000S\000P\000A\000\040\001\137\000i\000\040\000A\000P\000I\000\040\000R\000E\000S\000T}{section.2.2}% 28
\BOOKMARK [2][-]{subsection.2.2.6}{\376\377\000S\000t\000u\000d\000i\000u\000\040\000d\000e\000\040\000c\000a\000z\000:\000\040\000f\000l\000u\000x\000u\000l\000\040\000u\000t\000i\000l\000i\000z\000a\000t\000o\000r\000u\000l\000u\000i\000\040\000\356\000n\000\040\000p\000l\000a\000t\000f\000o\000r\000m\000e\000\040\000c\000o\000n\000s\000a\000c\000r\000a\000t\000e}{section.2.2}% 29
\BOOKMARK [1][-]{section.2.3}{\376\377\000C\000r\000i\000t\000e\000r\000i\000i\000\040\000d\000e\000\040\000e\000v\000a\000l\000u\000a\000r\000e\000\040\000a\000\040\000s\000o\000l\000u\001\143\000i\000i\000l\000o\000r}{chapter.2}% 30
\BOOKMARK [1][-]{section.2.4}{\376\377\000A\000n\000a\000l\000i\000z\001\003\000\040\000c\000o\000m\000p\000a\000r\000a\000t\000i\000v\001\003}{chapter.2}% 31
\BOOKMARK [1][-]{section.2.5}{\376\377\000C\000o\000n\000c\000l\000u\000z\000i\000i\000\040\000p\000a\000r\001\143\000i\000a\000l\000e}{chapter.2}% 32
\BOOKMARK [0][-]{chapter.3}{\376\377\000S\000o\000l\000u\001\143\000i\000a\000\040\000p\000r\000o\000p\000u\000s\001\003}{}% 33
\BOOKMARK [1][-]{section.3.1}{\376\377\000C\000e\000r\000i\000n\001\143\000e\000\040\000f\000u\000n\000c\001\143\000i\000o\000n\000a\000l\000e\000\040\000p\000e\000n\000t\000r\000u\000\040\000u\000t\000i\000l\000i\000z\000a\000t\000o\000r\000\040\001\137\000i\000\040\000n\000e\000f\000u\000n\000c\001\143\000i\000o\000n\000a\000l\000e}{chapter.3}% 34
\BOOKMARK [2][-]{subsection.3.1.1}{\376\377\000C\000e\000r\000i\000n\001\143\000e\000\040\000f\000u\000n\000c\001\143\000i\000o\000n\000a\000l\000e\000\040\000p\000e\000n\000t\000r\000u\000\040\000u\000t\000i\000l\000i\000z\000a\000t\000o\000r}{section.3.1}% 35
\BOOKMARK [2][-]{subsection.3.1.2}{\376\377\000C\000e\000r\000i\000n\001\143\000e\000\040\000f\000u\000n\000c\001\143\000i\000o\000n\000a\000l\000e\000\040\000p\000e\000n\000t\000r\000u\000\040\000a\000d\000m\000i\000n\000i\000s\000t\000r\000a\000t\000o\000r}{section.3.1}% 36
\BOOKMARK [2][-]{subsection.3.1.3}{\376\377\000C\000e\000r\000i\000n\001\143\000e\000\040\000n\000e\000f\000u\000n\000c\001\143\000i\000o\000n\000a\000l\000e}{section.3.1}% 37
\BOOKMARK [1][-]{section.3.2}{\376\377\000A\000r\000h\000i\000t\000e\000c\000t\000u\000r\000a\000\040\000s\000i\000s\000t\000e\000m\000u\000l\000u\000i}{chapter.3}% 38
\BOOKMARK [1][-]{section.3.3}{\376\377\000T\000e\000h\000n\000o\000l\000o\000g\000i\000i\000\040\000u\000t\000i\000l\000i\000z\000a\000t\000e}{chapter.3}% 39
\BOOKMARK [1][-]{section.3.4}{\376\377\000D\000i\000a\000g\000r\000a\000m\000e\000\040\000U\000M\000L}{chapter.3}% 40
\BOOKMARK [2][-]{subsection.3.4.1}{\376\377\000C\000a\000z\000u\000r\000i\000\040\000d\000e\000\040\000u\000t\000i\000l\000i\000z\000a\000r\000e}{section.3.4}% 41
\BOOKMARK [2][-]{subsection.3.4.2}{\376\377\000S\000e\000c\000v\000e\000n\001\143\000a\000\040\000d\000e\000\040\000\356\000n\000r\000e\000g\000i\000s\000t\000r\000a\000r\000e\000\040\000c\000u\000\040\000v\000e\000r\000i\000f\000i\000c\000a\000r\000e\000\040\000p\000r\000i\000n\000\040\000e\000m\000a\000i\000l}{section.3.4}% 42
\BOOKMARK [2][-]{subsection.3.4.3}{\376\377\000S\000e\000c\000v\000e\000n\001\143\000a\000\040\000p\000e\000n\000t\000r\000u\000\040\000p\000l\000a\000t\000a\000\040\000p\000r\000i\000n\000\040\000S\000t\000r\000i\000p\000e}{section.3.4}% 43
\BOOKMARK [2][-]{subsection.3.4.4}{\376\377\000A\000c\000t\000i\000v\000i\000t\000a\000t\000e\000a\000\040\000l\000a\000\040\000c\000h\000e\000c\000k\000-\000i\000n\000\040\001\137\000i\000\040\000a\000d\000m\000i\000n}{section.3.4}% 44
\BOOKMARK [2][-]{subsection.3.4.5}{\376\377\000P\000r\000o\000i\000e\000c\000t\000a\000r\000e\000a\000\040\000b\000a\000z\000e\000i\000\040\000d\000e\000\040\000d\000a\000t\000e}{section.3.4}% 45
\BOOKMARK [1][-]{section.3.5}{\376\377\000P\000r\000o\000i\000e\000c\000t\000a\000r\000e\000a\000\040\000b\000a\000z\000e\000i\000\040\000d\000e\000\040\000d\000a\000t\000e}{chapter.3}% 46
\BOOKMARK [1][-]{section.3.6}{\376\377\000I\000m\000p\000l\000e\000m\000e\000n\000t\000a\000r\000e\000a\000\040\000f\000u\000n\000c\001\143\000i\000o\000n\000a\000l\000i\000t\001\003\001\143\000i\000l\000o\000r\000\040\000c\000h\000e\000i\000e}{chapter.3}% 47
\BOOKMARK [2][-]{subsection.3.6.1}{\376\377\000A\000u\000t\000e\000n\000t\000i\000f\000i\000c\000a\000r\000e\000a\000\040\001\137\000i\000\040\000v\000e\000r\000i\000f\000i\000c\000a\000r\000e\000a\000\040\000p\000r\000i\000n\000\040\000e\000m\000a\000i\000l}{section.3.6}% 48
\BOOKMARK [2][-]{subsection.3.6.2}{\376\377\000P\000l\001\003\001\143\000i\000\040\000p\000r\000i\000n\000\040\000S\000c\000r\000i\000p\000e}{section.3.6}% 49
\BOOKMARK [2][-]{subsection.3.6.3}{\376\377\000G\000e\000s\000t\000i\000o\000n\000a\000r\000e\000\040\000e\000v\000e\000n\000i\000m\000e\000n\000t\000e}{section.3.6}% 50
\BOOKMARK [2][-]{subsection.3.6.4}{\376\377\000F\000r\000o\000n\000t\000e\000n\000d}{section.3.6}% 51
\BOOKMARK [1][-]{section.3.7}{\376\377\000S\000e\000c\000u\000r\000i\000t\000a\000t\000e}{chapter.3}% 52
\BOOKMARK [1][-]{section.3.8}{\376\377\000S\000c\000e\000n\000a\000r\000i\000i\000\040\000d\000e\000\040\000u\000t\000i\000l\000i\000z\000a\000r\000e\000\040\000p\000e\000\040\000t\000i\000p\000u\000r\000i\000\040\000d\000e\000\040\000e\000v\000e\000n\000i\000m\000e\000n\000t\000e}{chapter.3}% 53
\BOOKMARK [2][-]{subsection.3.8.1}{\376\377\000S\000c\000e\000n\000a\000r\000i\000u\000l\000\040\0001\000:\000\040\000C\000o\000n\000f\000e\000r\000i\000n\001\143\001\003\000\040\000u\000n\000i\000v\000e\000r\000s\000i\000t\000a\000r\001\003}{section.3.8}% 54
\BOOKMARK [2][-]{subsection.3.8.2}{\376\377\000S\000c\000e\000n\000a\000r\000i\000u\000l\000\040\0002\000\040\000\356\000n\000\040\000c\000a\000r\000e\000\040\000c\000o\000n\000c\000e\000r\000t\000u\000l\000\040\000e\000s\000t\000e\000\040\000\356\000n\000\040\000a\000e\000r\000\040\000l\000i\000b\000e\000r}{section.3.8}% 55
\BOOKMARK [2][-]{subsection.3.8.3}{\376\377\000S\000c\000e\000n\000a\000r\000i\000u\000l\000\040\0003\000:\000\040\000M\000e\000e\000t\000i\000n\000g\000\040\000c\000o\000r\000p\000o\000r\000a\000t\000e\000\040\000/\000\040\000t\000r\000a\000i\000n\000i\000n\000g}{section.3.8}% 56
\BOOKMARK [2][-]{subsection.3.8.4}{\376\377\000S\000c\000e\000n\000a\000r\000i\000u\000l\000\040\0004\000:\000\040\000C\000o\000m\000p\000e\000t\000i\001\143\000i\000e\000\040\000s\000p\000o\000r\000t\000i\000v\001\003\000\040\000a\000m\000a\000t\000o\000r\000i\000a\000l\001\003}{section.3.8}% 57
\BOOKMARK [2][-]{subsection.3.8.5}{\376\377\000M\000a\000t\000r\000i\000c\000e\000a\000\040\000f\000u\000n\000c\001\143\000i\000o\000n\000a\000l\000i\000t\001\003\001\143\000i\000l\000o\000r\000\040\001\137\000i\000\040\000s\000c\000e\000n\000a\000r\000i\000i}{section.3.8}% 58
\BOOKMARK [2][-]{subsection.3.8.6}{\376\377\000M\000o\000d\000e\000l\000u\000l\000\040\000u\000n\000i\000f\000i\000c\000a\000t\000\040\000d\000e\000\040\000d\000a\000t\000e}{section.3.8}% 59
\BOOKMARK [1][-]{section.3.9}{\376\377\000F\000r\000a\000g\000m\000e\000n\000t\000e\000\040\000s\000u\000p\000l\000i\000m\000e\000n\000t\000a\000r\000e\000\040\000d\000e\000\040\000i\000m\000p\000l\000e\000m\000e\000n\000t\000a\000r\000e}{chapter.3}% 60
\BOOKMARK [2][-]{subsection.3.9.1}{\376\377\000R\000a\000t\000e\000\040\000l\000i\000m\000i\000t\000i\000n\000g\000\040\000l\000a\000\040\000\356\000n\000r\000e\000g\000i\000s\000t\000r\000a\000r\000e}{section.3.9}% 61
\BOOKMARK [2][-]{subsection.3.9.2}{\376\377\000M\000i\000d\000d\000l\000e\000w\000a\000r\000e\000\040\000a\000u\000t\000e\000n\000t\000i\000f\000i\000c\000a\000r\000e\000\040\000J\000W\000T}{section.3.9}% 62
\BOOKMARK [2][-]{subsection.3.9.3}{\376\377\000V\000a\000l\000i\000d\000a\000r\000e\000\040\000e\000v\000e\000n\000i\000m\000e\000n\000t\000e\000\040\000l\000a\000\040\000c\000r\000e\000a\000r\000e}{section.3.9}% 63
\BOOKMARK [2][-]{subsection.3.9.4}{\376\377\000C\000o\000m\000p\000o\000n\000e\000n\000t\000a\000\040\000A\000d\000m\000i\000n\000R\000o\000u\000t\000e\000\040\000\050\000f\000r\000o\000n\000t\000e\000n\000d\000\051}{section.3.9}% 64
\BOOKMARK [2][-]{subsection.3.9.5}{\376\377\000G\000e\000s\000t\000i\000o\000n\000a\000r\000e\000\040\000e\000r\000o\000r\000i\000\040\001\137\000i\000\040\000f\000e\000e\000d\000b\000a\000c\000k\000\040\000u\000t\000i\000l\000i\000z\000a\000t\000o\000r}{section.3.9}% 65
\BOOKMARK [1][-]{section.3.10}{\376\377\000M\000o\000d\000e\000l\000u\000l\000\040\000r\000e\000l\000a\001\143\000i\000o\000n\000a\000l\000\040\000-\000\040\000d\000e\000t\000a\000l\000i\000u\000\040\000t\000a\000v\000e\000l\000e}{chapter.3}% 66
\BOOKMARK [2][-]{subsection.3.10.1}{\376\377\000T\000a\000b\000e\000l\000\040\000u\000s\000e\000r}{section.3.10}% 67
\BOOKMARK [2][-]{subsection.3.10.2}{\376\377\000T\000a\000b\000e\000l\000e\000\040\000a\000u\000x\000i\000l\000i\000a\000r\000e}{section.3.10}% 68
\BOOKMARK [1][-]{section.3.11}{\376\377\000A\000P\000I\000\040\000R\000E\000S\000T\000\040\000-\000\040\000r\000e\000f\000e\000r\000i\000n\001\143\001\003}{chapter.3}% 69
\BOOKMARK [1][-]{section.3.12}{\376\377\000C\000o\000n\000f\000i\000g\000u\000r\000a\000r\000e\000\040\001\137\000i\000\040\000d\000e\000p\000l\000o\000y\000m\000e\000n\000t}{chapter.3}% 70
\BOOKMARK [2][-]{subsection.3.12.1}{\376\377\000V\000a\000r\000i\000a\000b\000i\000l\000e\000\040\000d\000e\000\040\000m\000d\000i\000u\000\040\000b\000a\000c\000k\000e\000n\000d}{section.3.12}% 71
\BOOKMARK [2][-]{subsection.3.12.2}{\376\377\000M\000i\000g\000r\001\003\000r\000i\000\040\000b\000a\000z\001\003\000\040\000d\000e\000\040\000d\000a\000t\000e}{section.3.12}% 72
\BOOKMARK [2][-]{subsection.3.12.3}{\376\377\000F\000l\000u\000x\000\040\000i\000n\000s\000t\000a\000l\000a\000r\000e}{section.3.12}% 73
\BOOKMARK [2][-]{subsection.3.12.4}{\376\377\000C\000o\000m\000p\000o\000n\000e\000n\000t\000e\000\040\000f\000r\000o\000n\000t\000e\000n\000d}{section.3.12}% 74
\BOOKMARK [2][-]{subsection.3.12.5}{\376\377\000C\000o\000n\000f\000i\000r\000m\000a\000r\000e\000\040\000p\000l\000a\000t\001\003\000\040\040\024\000\040\000p\000s\000e\000u\000d\000o\000c\000o\000d}{section.3.12}% 75
\BOOKMARK [2][-]{subsection.3.12.6}{\376\377\000T\000e\000s\000t\000a\000r\000e\000\040\000m\000a\000n\000u\000a\000l\001\003}{section.3.12}% 76
\BOOKMARK [0][-]{chapter.4}{\376\377\000P\000r\000e\000z\000e\000n\000t\000a\000r\000e\000a\000\040\000a\000p\000l\000i\000c\000a\001\143\000i\000e\000i}{}% 77
\BOOKMARK [1][-]{section.4.1}{\376\377\000U\000t\000i\000l\000i\000z\000a\000r\000e\000a\000\040\000a\000p\000l\000i\000c\000a\001\143\000i\000e\000i\000\040\040\024\000\040\000p\000e\000r\000s\000p\000e\000c\000t\000i\000v\000a\000\040\000u\000t\000i\000l\000i\000z\000a\000t\000o\000r\000u\000l\000u\000i}{chapter.4}% 78
\BOOKMARK [2][-]{subsection.4.1.1}{\376\377\000P\000a\000g\000i\000n\000a\000\040\000p\000r\000i\000n\000c\000i\000p\000a\000l\001\003}{section.4.1}% 79
\BOOKMARK [2][-]{subsection.4.1.2}{\376\377\000D\000e\000t\000a\000l\000i\000i\000\040\000e\000v\000e\000n\000i\000m\000e\000n\000t}{section.4.1}% 80
\BOOKMARK [2][-]{subsection.4.1.3}{\376\377\000\316\000n\000r\000e\000g\000i\000s\000t\000r\000a\000r\000e\000\040\000c\000o\000n\000t\000\040\040\024\000\040\000p\000a\000s\000u\000l\000\040\0001}{section.4.1}% 81
\BOOKMARK [2][-]{subsection.4.1.4}{\376\377\000V\000e\000r\000i\000f\000i\000c\000a\000r\000e\000\040\000e\000m\000a\000i\000l\000\040\040\024\000\040\000p\000a\000s\000u\000l\000\040\0002}{section.4.1}% 82
\BOOKMARK [2][-]{subsection.4.1.5}{\376\377\000A\000u\000t\000e\000n\000t\000i\000f\000i\000c\000a\000r\000e}{section.4.1}% 83
\BOOKMARK [2][-]{subsection.4.1.6}{\376\377\000C\000o\000n\000f\000i\000r\000m\000a\000r\000e\000\040\000p\000l\000a\000t\001\003}{section.4.1}% 84
\BOOKMARK [2][-]{subsection.4.1.7}{\376\377\000B\000i\000l\000e\000t\000e\000l\000e\000\040\000m\000e\000l\000e}{section.4.1}% 85
\BOOKMARK [2][-]{subsection.4.1.8}{\376\377\000P\000r\000o\000f\000i\000l\000\040\000u\000t\000i\000l\000i\000z\000a\000t\000o\000r}{section.4.1}% 86
\BOOKMARK [2][-]{subsection.4.1.9}{\376\377\000R\000e\000s\000e\000t\000a\000r\000e\000\040\000p\000a\000r\000o\000l\001\003\000\040\040\024\000\040\000p\000a\000s\000u\000l\000\040\0001\000\040\000\050\000o\000p\001\143\000i\000o\000n\000a\000l\000\051}{section.4.1}% 87
\BOOKMARK [2][-]{subsection.4.1.10}{\376\377\000R\000e\000s\000e\000t\000a\000r\000e\000\040\000p\000a\000r\000o\000l\001\003\000\040\040\024\000\040\000p\000a\000s\000u\000l\000\040\0002\000\040\000\050\000o\000p\001\143\000i\000o\000n\000a\000l\000\051}{section.4.1}% 88
\BOOKMARK [1][-]{section.4.2}{\376\377\000E\000x\000p\000e\000r\000i\000e\000n\001\143\000a\000\040\000u\000t\000i\000l\000i\000z\000a\000t\000o\000r\000u\000l\000u\000i\000\040\001\137\000i\000\040\000d\000e\000s\000i\000g\000n\000\040\000r\000e\000s\000p\000o\000n\000s\000i\000v\000e}{chapter.4}% 89
\BOOKMARK [2][-]{subsection.4.2.1}{\376\377\000P\000a\000r\000c\000u\000r\000s\000u\000l\000\040\000u\000t\000i\000l\000i\000z\000a\000t\000o\000r\000u\000l\000u\000i\000\040\000\050\000u\000s\000e\000r\000\040\000j\000o\000u\000r\000n\000e\000y\000\051}{section.4.2}% 90
\BOOKMARK [2][-]{subsection.4.2.2}{\376\377\000A\000d\000a\000p\000t\000a\000r\000e\000\040\000m\000o\000b\000i\000l\000\040\001\137\000i\000\040\000a\000c\000c\000e\000s\000i\000b\000i\000l\000i\000t\000a\000t\000e}{section.4.2}% 91
\BOOKMARK [2][-]{subsection.4.2.3}{\376\377\000M\000e\000s\000a\000j\000e\000\040\000d\000e\000\040\000e\000r\000o\000a\000r\000e\000\040\001\137\000i\000\040\000s\000t\001\003\000r\000i\000\040\000g\000o\000a\000l\000e}{section.4.2}% 92
\BOOKMARK [1][-]{section.4.3}{\376\377\000U\000t\000i\000l\000i\000z\000a\000r\000e\000a\000\040\000a\000p\000l\000i\000c\000a\001\143\000i\000e\000i\000\040\040\024\000\040\000p\000e\000r\000s\000p\000e\000c\000t\000i\000v\000a\000\040\000a\000d\000m\000i\000n\000i\000s\000t\000r\000a\000t\000o\000r\000u\000l\000u\000i}{chapter.4}% 93
\BOOKMARK [2][-]{subsection.4.3.1}{\376\377\000P\000a\000n\000o\000u\000\040\000a\000d\000m\000i\000n\000\040\040\024\000\040\000d\000a\000s\000h\000b\000o\000a\000r\000d}{section.4.3}% 94
\BOOKMARK [2][-]{subsection.4.3.2}{\376\377\000C\000r\000e\000a\000r\000e\000\040\000/\000\040\000e\000d\000i\000t\000a\000r\000e\000\040\000e\000v\000e\000n\000i\000m\000e\000n\000t}{section.4.3}% 95
\BOOKMARK [2][-]{subsection.4.3.3}{\376\377\000C\000h\000e\000c\000k\000-\000i\000n\000\040\000p\000a\000r\000t\000i\000c\000i\000p\000a\000n\000t}{section.4.3}% 96
\BOOKMARK [2][-]{subsection.4.3.4}{\376\377\000G\000e\000s\000t\000i\000o\000n\000a\000r\000e\000\040\000a\000d\000m\000i\000n\000i\000s\000t\000r\000a\000t\000o\000r\000i}{section.4.3}% 97
\BOOKMARK [2][-]{subsection.4.3.5}{\376\377\000C\000o\000n\000f\000e\000r\000i\000n\001\143\001\003\000\040\000s\000a\000u\000\040\000s\000i\000m\000p\000o\000z\000i\000o\000n}{section.4.3}% 98
\BOOKMARK [2][-]{subsection.4.3.6}{\376\377\000C\000o\000n\000c\000e\000r\000t\000\040\000s\000a\000u\000\040\000s\000p\000e\000c\000t\000a\000c\000o\000l}{section.4.3}% 99
\BOOKMARK [2][-]{subsection.4.3.7}{\376\377\000M\000e\000e\000t\000i\000n\000g\000,\000\040\000w\000o\000r\000k\000s\000h\000o\000p\000\040\000s\000a\000u\000\040\000s\000e\000m\000i\000n\000a\000r}{section.4.3}% 100
\BOOKMARK [2][-]{subsection.4.3.8}{\376\377\000E\000v\000e\000n\000i\000m\000e\000n\000t\000\040\000s\000p\000o\000r\000t\000i\000v\000\040\000\050\000c\000a\000z\000\040\000s\000e\000c\000u\000n\000d\000a\000r\000\051}{section.4.3}% 101
\BOOKMARK [2][-]{subsection.4.3.9}{\376\377\000R\000e\000c\000o\000m\000a\000n\000d\001\003\000r\000i\000\040\000p\000e\000n\000t\000r\000u\000\040\000c\000a\000p\000t\000u\000r\000i\000\040\000d\000e\000\040\000e\000c\000r\000a\000n\000\040\000\050\000c\000a\000p\000i\000t\000o\000l\000\040\0004\000\051}{section.4.3}% 102
\BOOKMARK [2][-]{subsection.4.3.10}{\376\377\000A\000c\000c\000e\000s\000i\000b\000i\000l\000i\000t\000a\000t\000e\000\040\001\137\000i\000\040\000p\000u\000b\000l\000i\000c\000\040\000l\000a\000r\000g}{section.4.3}% 103
\BOOKMARK [0][-]{chapter.5}{\376\377\000C\000o\000n\000c\000l\000u\000z\000i\000i}{}% 104
\BOOKMARK [1][-]{section.5.1}{\376\377\000R\000e\000z\000u\000l\000t\000a\000t\000e\000\040\000o\000b\001\143\000i\000n\000u\000t\000e}{chapter.5}% 105
\BOOKMARK [1][-]{section.5.2}{\376\377\000L\000i\000m\000i\000t\001\003\000r\000i}{chapter.5}% 106
\BOOKMARK [1][-]{section.5.3}{\376\377\000D\000e\000z\000v\000o\000l\000t\001\003\000r\000i\000\040\000v\000i\000i\000t\000o\000a\000r\000e}{chapter.5}% 107
\BOOKMARK [0][-]{section.5.3}{\376\377\000R\000e\000f\000e\000r\000i\000n\001\143\000e\000\040\000b\000i\000b\000l\000i\000o\000g\000r\000a\000f\000i\000c\000e}{}% 108
